Archive member included to satisfy reference by file (symbol)

c:/users/admin/downloads/vxl/stm32cube_ide/stm32cubeide_1.7.0/stm32cubeide/plugins/com.st.stm32cube.ide.mcu.externaltools.gnu-tools-for-stm32.9-2020-q2-update.win32_2.0.0.202105311346/tools/bin/../lib/gcc/arm-none-eabi/9.3.1/../../../../arm-none-eabi/lib/thumb/v7-m/nofp\libc_nano.a(lib_a-errno.o)
                              ./Core/Src/syscalls.o (__errno)
c:/users/admin/downloads/vxl/stm32cube_ide/stm32cubeide_1.7.0/stm32cubeide/plugins/com.st.stm32cube.ide.mcu.externaltools.gnu-tools-for-stm32.9-2020-q2-update.win32_2.0.0.202105311346/tools/bin/../lib/gcc/arm-none-eabi/9.3.1/../../../../arm-none-eabi/lib/thumb/v7-m/nofp\libc_nano.a(lib_a-exit.o)
                              c:/users/admin/downloads/vxl/stm32cube_ide/stm32cubeide_1.7.0/stm32cubeide/plugins/com.st.stm32cube.ide.mcu.externaltools.gnu-tools-for-stm32.9-2020-q2-update.win32_2.0.0.202105311346/tools/bin/../lib/gcc/arm-none-eabi/9.3.1/../../../../arm-none-eabi/lib/thumb/v7-m/nofp/crt0.o (exit)
c:/users/admin/downloads/vxl/stm32cube_ide/stm32cubeide_1.7.0/stm32cubeide/plugins/com.st.stm32cube.ide.mcu.externaltools.gnu-tools-for-stm32.9-2020-q2-update.win32_2.0.0.202105311346/tools/bin/../lib/gcc/arm-none-eabi/9.3.1/../../../../arm-none-eabi/lib/thumb/v7-m/nofp\libc_nano.a(lib_a-impure.o)
                              c:/users/admin/downloads/vxl/stm32cube_ide/stm32cubeide_1.7.0/stm32cubeide/plugins/com.st.stm32cube.ide.mcu.externaltools.gnu-tools-for-stm32.9-2020-q2-update.win32_2.0.0.202105311346/tools/bin/../lib/gcc/arm-none-eabi/9.3.1/../../../../arm-none-eabi/lib/thumb/v7-m/nofp\libc_nano.a(lib_a-exit.o) (_global_impure_ptr)
c:/users/admin/downloads/vxl/stm32cube_ide/stm32cubeide_1.7.0/stm32cubeide/plugins/com.st.stm32cube.ide.mcu.externaltools.gnu-tools-for-stm32.9-2020-q2-update.win32_2.0.0.202105311346/tools/bin/../lib/gcc/arm-none-eabi/9.3.1/../../../../arm-none-eabi/lib/thumb/v7-m/nofp\libc_nano.a(lib_a-init.o)
                              c:/users/admin/downloads/vxl/stm32cube_ide/stm32cubeide_1.7.0/stm32cubeide/plugins/com.st.stm32cube.ide.mcu.externaltools.gnu-tools-for-stm32.9-2020-q2-update.win32_2.0.0.202105311346/tools/bin/../lib/gcc/arm-none-eabi/9.3.1/../../../../arm-none-eabi/lib/thumb/v7-m/nofp/crt0.o (__libc_init_array)
c:/users/admin/downloads/vxl/stm32cube_ide/stm32cubeide_1.7.0/stm32cubeide/plugins/com.st.stm32cube.ide.mcu.externaltools.gnu-tools-for-stm32.9-2020-q2-update.win32_2.0.0.202105311346/tools/bin/../lib/gcc/arm-none-eabi/9.3.1/../../../../arm-none-eabi/lib/thumb/v7-m/nofp\libc_nano.a(lib_a-memset.o)
                              c:/users/admin/downloads/vxl/stm32cube_ide/stm32cubeide_1.7.0/stm32cubeide/plugins/com.st.stm32cube.ide.mcu.externaltools.gnu-tools-for-stm32.9-2020-q2-update.win32_2.0.0.202105311346/tools/bin/../lib/gcc/arm-none-eabi/9.3.1/../../../../arm-none-eabi/lib/thumb/v7-m/nofp/crt0.o (memset)

Allocating common symbols
Common symbol       size              file

uwTick              0x4               ./Drivers/STM32F1xx_HAL_Driver/Src/stm32f1xx_hal.o
pFlash              0x20              ./Drivers/STM32F1xx_HAL_Driver/Src/stm32f1xx_hal_flash.o
htim2               0x48              ./Core/Src/main.o

Discarded input sections

 .text          0x0000000000000000        0x0 c:/users/admin/downloads/vxl/stm32cube_ide/stm32cubeide_1.7.0/stm32cubeide/plugins/com.st.stm32cube.ide.mcu.externaltools.gnu-tools-for-stm32.9-2020-q2-update.win32_2.0.0.202105311346/tools/bin/../lib/gcc/arm-none-eabi/9.3.1/thumb/v7-m/nofp/crti.o
 .data          0x0000000000000000        0x0 c:/users/admin/downloads/vxl/stm32cube_ide/stm32cubeide_1.7.0/stm32cubeide/plugins/com.st.stm32cube.ide.mcu.externaltools.gnu-tools-for-stm32.9-2020-q2-update.win32_2.0.0.202105311346/tools/bin/../lib/gcc/arm-none-eabi/9.3.1/thumb/v7-m/nofp/crti.o
 .bss           0x0000000000000000        0x0 c:/users/admin/downloads/vxl/stm32cube_ide/stm32cubeide_1.7.0/stm32cubeide/plugins/com.st.stm32cube.ide.mcu.externaltools.gnu-tools-for-stm32.9-2020-q2-update.win32_2.0.0.202105311346/tools/bin/../lib/gcc/arm-none-eabi/9.3.1/thumb/v7-m/nofp/crti.o
 .data          0x0000000000000000        0x4 c:/users/admin/downloads/vxl/stm32cube_ide/stm32cubeide_1.7.0/stm32cubeide/plugins/com.st.stm32cube.ide.mcu.externaltools.gnu-tools-for-stm32.9-2020-q2-update.win32_2.0.0.202105311346/tools/bin/../lib/gcc/arm-none-eabi/9.3.1/thumb/v7-m/nofp/crtbegin.o
 .text          0x0000000000000000       0x7c c:/users/admin/downloads/vxl/stm32cube_ide/stm32cubeide_1.7.0/stm32cubeide/plugins/com.st.stm32cube.ide.mcu.externaltools.gnu-tools-for-stm32.9-2020-q2-update.win32_2.0.0.202105311346/tools/bin/../lib/gcc/arm-none-eabi/9.3.1/../../../../arm-none-eabi/lib/thumb/v7-m/nofp/crt0.o
[...]
Memory Configuration

Name             Origin             Length             Attributes
RAM              0x0000000020000000 0x0000000000002800 xrw
FLASH            0x0000000008000000 0x0000000000008000 xr
*default*        0x0000000000000000 0xffffffffffffffff

Linker script and memory map

LOAD c:/users/admin/downloads/vxl/stm32cube_ide/stm32cubeide_1.7.0/stm32cubeide/plugins/com.st.stm32cube.ide.mcu.externaltools.gnu-tools-for-stm32.9-2020-q2-update.win32_2.0.0.202105311346/tools/bin/../lib/gcc/arm-none-eabi/9.3.1/thumb/v7-m/nofp/crti.o
LOAD c:/users/admin/downloads/vxl/stm32cube_ide/stm32cubeide_1.7.0/stm32cubeide/plugins/com.st.stm32cube.ide.mcu.externaltools.gnu-tools-for-stm32.9-2020-q2-update.win32_2.0.0.202105311346/tools/bin/../lib/gcc/arm-none-eabi/9.3.1/thumb/v7-m/nofp/crtbegin.o
LOAD c:/users/admin/downloads/vxl/stm32cube_ide/stm32cubeide_1.7.0/stm32cubeide/plugins/com.st.stm32cube.ide.mcu.externaltools.gnu-tools-for-stm32.9-2020-q2-update.win32_2.0.0.202105311346/tools/bin/../lib/gcc/arm-none-eabi/9.3.1/../../../../arm-none-eabi/lib/thumb/v7-m/nofp/crt0.o
LOAD ./Core/Src/button.o
LOAD ./Core/Src/global.o
LOAD ./Core/Src/input_processing.o
LOAD ./Core/Src/main.o
LOAD ./Core/Src/stm32f1xx_hal_msp.o
LOAD ./Core/Src/stm32f1xx_it.o
LOAD ./Core/Src/syscalls.o
LOAD ./Core/Src/sysmem.o
LOAD ./Core/Src/system_stm32f1xx.o
LOAD ./Core/Src/timer.o
LOAD ./Core/Startup/startup_stm32f103c6ux.o
LOAD ./Drivers/STM32F1xx_HAL_Driver/Src/stm32f1xx_hal.o
LOAD ./Drivers/STM32F1xx_HAL_Driver/Src/stm32f1xx_hal_cortex.o
LOAD ./Drivers/STM32F1xx_HAL_Driver/Src/stm32f1xx_hal_dma.o
LOAD ./Drivers/STM32F1xx_HAL_Driver/Src/stm32f1xx_hal_exti.o
LOAD ./Drivers/STM32F1xx_HAL_Driver/Src/stm32f1xx_hal_flash.o
LOAD ./Drivers/STM32F1xx_HAL_Driver/Src/stm32f1xx_hal_flash_ex.o
LOAD ./Drivers/STM32F1xx_HAL_Driver/Src/stm32f1xx_hal_gpio.o
LOAD ./Drivers/STM32F1xx_HAL_Driver/Src/stm32f1xx_hal_gpio_ex.o
LOAD ./Drivers/STM32F1xx_HAL_Driver/Src/stm32f1xx_hal_pwr.o
LOAD ./Drivers/STM32F1xx_HAL_Driver/Src/stm32f1xx_hal_rcc.o
LOAD ./Drivers/STM32F1xx_HAL_Driver/Src/stm32f1xx_hal_rcc_ex.o
LOAD ./Drivers/STM32F1xx_HAL_Driver/Src/stm32f1xx_hal_tim.o
LOAD ./Drivers/STM32F1xx_HAL_Driver/Src/stm32f1xx_hal_tim_ex.o
START GROUP
LOAD c:/users/admin/downloads/vxl/stm32cube_ide/stm32cubeide_1.7.0/stm32cubeide/plugins/com.st.stm32cube.ide.mcu.externaltools.gnu-tools-for-stm32.9-2020-q2-update.win32_2.0.0.202105311346/tools/bin/../lib/gcc/arm-none-eabi/9.3.1/../../../../arm-none-eabi/lib/thumb/v7-m/nofp\libc_nano.a
LOAD c:/users/admin/downloads/vxl/stm32cube_ide/stm32cubeide_1.7.0/stm32cubeide/plugins/com.st.stm32cube.ide.mcu.externaltools.gnu-tools-for-stm32.9-2020-q2-update.win32_2.0.0.202105311346/tools/bin/../lib/gcc/arm-none-eabi/9.3.1/../../../../arm-none-eabi/lib/thumb/v7-m/nofp\libm.a
END GROUP
START GROUP
LOAD c:/users/admin/downloads/vxl/stm32cube_ide/stm32cubeide_1.7.0/stm32cubeide/plugins/com.st.stm32cube.ide.mcu.externaltools.gnu-tools-for-stm32.9-2020-q2-update.win32_2.0.0.202105311346/tools/bin/../lib/gcc/arm-none-eabi/9.3.1/thumb/v7-m/nofp\libgcc.a
LOAD c:/users/admin/downloads/vxl/stm32cube_ide/stm32cubeide_1.7.0/stm32cubeide/plugins/com.st.stm32cube.ide.mcu.externaltools.gnu-tools-for-stm32.9-2020-q2-update.win32_2.0.0.202105311346/tools/bin/../lib/gcc/arm-none-eabi/9.3.1/../../../../arm-none-eabi/lib/thumb/v7-m/nofp\libc_nano.a
END GROUP
START GROUP
LOAD c:/users/admin/downloads/vxl/stm32cube_ide/stm32cubeide_1.7.0/stm32cubeide/plugins/com.st.stm32cube.ide.mcu.externaltools.gnu-tools-for-stm32.9-2020-q2-update.win32_2.0.0.202105311346/tools/bin/../lib/gcc/arm-none-eabi/9.3.1/thumb/v7-m/nofp\libgcc.a
LOAD c:/users/admin/downloads/vxl/stm32cube_ide/stm32cubeide_1.7.0/stm32cubeide/plugins/com.st.stm32cube.ide.mcu.externaltools.gnu-tools-for-stm32.9-2020-q2-update.win32_2.0.0.202105311346/tools/bin/../lib/gcc/arm-none-eabi/9.3.1/../../../../arm-none-eabi/lib/thumb/v7-m/nofp\libc_nano.a
LOAD c:/users/admin/downloads/vxl/stm32cube_ide/stm32cubeide_1.7.0/stm32cubeide/plugins/com.st.stm32cube.ide.mcu.externaltools.gnu-tools-for-stm32.9-2020-q2-update.win32_2.0.0.202105311346/tools/bin/../lib/gcc/arm-none-eabi/9.3.1/../../../../arm-none-eabi/lib/thumb/v7-m/nofp\libnosys.a
END GROUP
START GROUP
LOAD c:/users/admin/downloads/vxl/stm32cube_ide/stm32cubeide_1.7.0/stm32cubeide/plugins/com.st.stm32cube.ide.mcu.externaltools.gnu-tools-for-stm32.9-2020-q2-update.win32_2.0.0.202105311346/tools/bin/../lib/gcc/arm-none-eabi/9.3.1/thumb/v7-m/nofp\libgcc.a
LOAD c:/users/admin/downloads/vxl/stm32cube_ide/stm32cubeide_1.7.0/stm32cubeide/plugins/com.st.stm32cube.ide.mcu.externaltools.gnu-tools-for-stm32.9-2020-q2-update.win32_2.0.0.202105311346/tools/bin/../lib/gcc/arm-none-eabi/9.3.1/../../../../arm-none-eabi/lib/thumb/v7-m/nofp\libc_nano.a
LOAD c:/users/admin/downloads/vxl/stm32cube_ide/stm32cubeide_1.7.0/stm32cubeide/plugins/com.st.stm32cube.ide.mcu.externaltools.gnu-tools-for-stm32.9-2020-q2-update.win32_2.0.0.202105311346/tools/bin/../lib/gcc/arm-none-eabi/9.3.1/../../../../arm-none-eabi/lib/thumb/v7-m/nofp\libnosys.a
END GROUP
LOAD c:/users/admin/downloads/vxl/stm32cube_ide/stm32cubeide_1.7.0/stm32cubeide/plugins/com.st.stm32cube.ide.mcu.externaltools.gnu-tools-for-stm32.9-2020-q2-update.win32_2.0.0.202105311346/tools/bin/../lib/gcc/arm-none-eabi/9.3.1/thumb/v7-m/nofp/crtend.o
LOAD c:/users/admin/downloads/vxl/stm32cube_ide/stm32cubeide_1.7.0/stm32cubeide/plugins/com.st.stm32cube.ide.mcu.externaltools.gnu-tools-for-stm32.9-2020-q2-update.win32_2.0.0.202105311346/tools/bin/../lib/gcc/arm-none-eabi/9.3.1/thumb/v7-m/nofp/crtn.o
                0x0000000020002800                _estack = (ORIGIN (RAM) + LENGTH (RAM))
                0x0000000000000200                _Min_Heap_Size = 0x200
                0x0000000000000400                _Min_Stack_Size = 0x400

.isr_vector     0x0000000008000000      0x10c
                0x0000000008000000                . = ALIGN (0x4)
 *(.isr_vector)
 .isr_vector    0x0000000008000000      0x10c ./Core/Startup/startup_stm32f103c6ux.o
                0x0000000008000000                g_pfnVectors
                0x000000000800010c                . = ALIGN (0x4)

.text           0x000000000800010c     0x26d8
                0x000000000800010c                . = ALIGN (0x4)
 *(.text)
 .text          0x000000000800010c       0x40 c:/users/admin/downloads/vxl/stm32cube_ide/stm32cubeide_1.7.0/stm32cubeide/plugins/com.st.stm32cube.ide.mcu.externaltools.gnu-tools-for-stm32.9-2020-q2-update.win32_2.0.0.202105311346/tools/bin/../lib/gcc/arm-none-eabi/9.3.1/thumb/v7-m/nofp/crtbegin.o
 *(.text*)
 .text.subKeyProcess
                0x000000000800014c       0x20 ./Core/Src/button.o
                0x000000000800014c                subKeyProcess
 .text.is_Pressed
                0x000000000800016c       0x34 ./Core/Src/button.o
                0x000000000800016c                is_Pressed
 .text.getKeyInput
                0x00000000080001a0       0xf4 ./Core/Src/button.o
                0x00000000080001a0                getKeyInput
 .text.display7SEG
                0x0000000008000294      0x100 ./Core/Src/global.o
                0x0000000008000294                display7SEG
 .text.scan7SEG
                0x0000000008000394      0x230 ./Core/Src/global.o
                0x0000000008000394                scan7SEG
 .text.write_led
                0x00000000080005c4       0x38 ./Core/Src/global.o
                0x00000000080005c4                write_led
 .text.fsm_for_normal
                0x00000000080005fc      0x418 ./Core/Src/input_processing.o
                0x00000000080005fc                fsm_for_normal
 .text.fsm_for_modify
                0x0000000008000a14      0x328 ./Core/Src/input_processing.o
                0x0000000008000a14                fsm_for_modify
 .text.main     0x0000000008000d3c       0x4c ./Core/Src/main.o
                0x0000000008000d3c                main
 .text.SystemClock_Config
                0x0000000008000d88       0x76 ./Core/Src/main.o
                0x0000000008000d88                SystemClock_Config
 *fill*         0x0000000008000dfe        0x2 
 .text.MX_TIM2_Init
                0x0000000008000e00       0x98 ./Core/Src/main.o
 .text.MX_GPIO_Init
                0x0000000008000e98       0xc4 ./Core/Src/main.o
 .text.HAL_TIM_PeriodElapsedCallback
                0x0000000008000f5c       0x3a ./Core/Src/main.o
                0x0000000008000f5c                HAL_TIM_PeriodElapsedCallback
 .text.Error_Handler
                0x0000000008000f96        0xa ./Core/Src/main.o
                0x0000000008000f96                Error_Handler
 .text.HAL_MspInit
                0x0000000008000fa0       0x64 ./Core/Src/stm32f1xx_hal_msp.o
                0x0000000008000fa0                HAL_MspInit
 .text.HAL_TIM_Base_MspInit
                0x0000000008001004       0x48 ./Core/Src/stm32f1xx_hal_msp.o
                0x0000000008001004                HAL_TIM_Base_MspInit
 .text.NMI_Handler
                0x000000000800104c        0x6 ./Core/Src/stm32f1xx_it.o
                0x000000000800104c                NMI_Handler
 .text.HardFault_Handler
                0x0000000008001052        0x6 ./Core/Src/stm32f1xx_it.o
                0x0000000008001052                HardFault_Handler
 .text.MemManage_Handler
                0x0000000008001058        0x6 ./Core/Src/stm32f1xx_it.o
                0x0000000008001058                MemManage_Handler
 .text.BusFault_Handler
                0x000000000800105e        0x6 ./Core/Src/stm32f1xx_it.o
                0x000000000800105e                BusFault_Handler
 .text.UsageFault_Handler
                0x0000000008001064        0x6 ./Core/Src/stm32f1xx_it.o
                0x0000000008001064                UsageFault_Handler
 .text.SVC_Handler
                0x000000000800106a        0xc ./Core/Src/stm32f1xx_it.o
                0x000000000800106a                SVC_Handler
 .text.DebugMon_Handler
                0x0000000008001076        0xc ./Core/Src/stm32f1xx_it.o
                0x0000000008001076                DebugMon_Handler
 .text.PendSV_Handler
                0x0000000008001082        0xc ./Core/Src/stm32f1xx_it.o
                0x0000000008001082                PendSV_Handler
 .text.SysTick_Handler
                0x000000000800108e        0xc ./Core/Src/stm32f1xx_it.o
                0x000000000800108e                SysTick_Handler
 *fill*         0x000000000800109a        0x2 
 .text.TIM2_IRQHandler
                0x000000000800109c       0x14 ./Core/Src/stm32f1xx_it.o
                0x000000000800109c                TIM2_IRQHandler
 .text.SystemInit
                0x00000000080010b0        0xc ./Core/Src/system_stm32f1xx.o
                0x00000000080010b0                SystemInit
 .text.setTimer
                0x00000000080010bc       0x30 ./Core/Src/timer.o
                0x00000000080010bc                setTimer
 .text.timerRun
                0x00000000080010ec       0x50 ./Core/Src/timer.o
                0x00000000080010ec                timerRun
 .text.Reset_Handler
                0x000000000800113c       0x48 ./Core/Startup/startup_stm32f103c6ux.o
                0x000000000800113c                Reset_Handler
 .text.Default_Handler
                0x0000000008001184        0x2 ./Core/Startup/startup_stm32f103c6ux.o
                0x0000000008001184                RTC_Alarm_IRQHandler
                0x0000000008001184                EXTI2_IRQHandler
                0x0000000008001184                TIM1_CC_IRQHandler
                0x0000000008001184                PVD_IRQHandler
                0x0000000008001184                EXTI3_IRQHandler
                0x0000000008001184                EXTI0_IRQHandler
                0x0000000008001184                ADC1_2_IRQHandler
                0x0000000008001184                SPI1_IRQHandler
                0x0000000008001184                TAMPER_IRQHandler
                0x0000000008001184                DMA1_Channel4_IRQHandler
                0x0000000008001184                RTC_IRQHandler
                0x0000000008001184                DMA1_Channel7_IRQHandler
                0x0000000008001184                CAN1_RX1_IRQHandler
                0x0000000008001184                I2C1_EV_IRQHandler
                0x0000000008001184                DMA1_Channel6_IRQHandler
                0x0000000008001184                TIM3_IRQHandler
                0x0000000008001184                RCC_IRQHandler
                0x0000000008001184                TIM1_TRG_COM_IRQHandler
                0x0000000008001184                DMA1_Channel1_IRQHandler
                0x0000000008001184                Default_Handler
                0x0000000008001184                EXTI15_10_IRQHandler
                0x0000000008001184                EXTI9_5_IRQHandler
                0x0000000008001184                DMA1_Channel5_IRQHandler
                0x0000000008001184                EXTI4_IRQHandler
                0x0000000008001184                USB_LP_CAN1_RX0_IRQHandler
                0x0000000008001184                USB_HP_CAN1_TX_IRQHandler
                0x0000000008001184                DMA1_Channel3_IRQHandler
                0x0000000008001184                TIM1_UP_IRQHandler
                0x0000000008001184                WWDG_IRQHandler
                0x0000000008001184                TIM1_BRK_IRQHandler
                0x0000000008001184                EXTI1_IRQHandler
                0x0000000008001184                USART2_IRQHandler
                0x0000000008001184                DMA1_Channel2_IRQHandler
                0x0000000008001184                CAN1_SCE_IRQHandler
                0x0000000008001184                FLASH_IRQHandler
                0x0000000008001184                USART1_IRQHandler
                0x0000000008001184                I2C1_ER_IRQHandler
                0x0000000008001184                USBWakeUp_IRQHandler
 *fill*         0x0000000008001186        0x2 
 .text.HAL_Init
                0x0000000008001188       0x2c ./Drivers/STM32F1xx_HAL_Driver/Src/stm32f1xx_hal.o
                0x0000000008001188                HAL_Init
 .text.HAL_InitTick
                0x00000000080011b4       0x60 ./Drivers/STM32F1xx_HAL_Driver/Src/stm32f1xx_hal.o
                0x00000000080011b4                HAL_InitTick
 .text.HAL_IncTick
                0x0000000008001214       0x24 ./Drivers/STM32F1xx_HAL_Driver/Src/stm32f1xx_hal.o
                0x0000000008001214                HAL_IncTick
 .text.HAL_GetTick
                0x0000000008001238       0x14 ./Drivers/STM32F1xx_HAL_Driver/Src/stm32f1xx_hal.o
                0x0000000008001238                HAL_GetTick
 .text.__NVIC_SetPriorityGrouping
                0x000000000800124c       0x48 ./Drivers/STM32F1xx_HAL_Driver/Src/stm32f1xx_hal_cortex.o
 .text.__NVIC_GetPriorityGrouping
                0x0000000008001294       0x1c ./Drivers/STM32F1xx_HAL_Driver/Src/stm32f1xx_hal_cortex.o
 .text.__NVIC_EnableIRQ
                0x00000000080012b0       0x38 ./Drivers/STM32F1xx_HAL_Driver/Src/stm32f1xx_hal_cortex.o
 .text.__NVIC_SetPriority
                0x00000000080012e8       0x54 ./Drivers/STM32F1xx_HAL_Driver/Src/stm32f1xx_hal_cortex.o
 .text.NVIC_EncodePriority
                0x000000000800133c       0x64 ./Drivers/STM32F1xx_HAL_Driver/Src/stm32f1xx_hal_cortex.o
 .text.SysTick_Config
                0x00000000080013a0       0x44 ./Drivers/STM32F1xx_HAL_Driver/Src/stm32f1xx_hal_cortex.o
 .text.HAL_NVIC_SetPriorityGrouping
                0x00000000080013e4       0x16 ./Drivers/STM32F1xx_HAL_Driver/Src/stm32f1xx_hal_cortex.o
                0x00000000080013e4                HAL_NVIC_SetPriorityGrouping
 .text.HAL_NVIC_SetPriority
                0x00000000080013fa       0x38 ./Drivers/STM32F1xx_HAL_Driver/Src/stm32f1xx_hal_cortex.o
                0x00000000080013fa                HAL_NVIC_SetPriority
 .text.HAL_NVIC_EnableIRQ
                0x0000000008001432       0x1c ./Drivers/STM32F1xx_HAL_Driver/Src/stm32f1xx_hal_cortex.o
                0x0000000008001432                HAL_NVIC_EnableIRQ
 .text.HAL_SYSTICK_Config
                0x000000000800144e       0x18 ./Drivers/STM32F1xx_HAL_Driver/Src/stm32f1xx_hal_cortex.o
                0x000000000800144e                HAL_SYSTICK_Config
 *fill*         0x0000000008001466        0x2 
 .text.HAL_GPIO_Init
                0x0000000008001468      0x2f4 ./Drivers/STM32F1xx_HAL_Driver/Src/stm32f1xx_hal_gpio.o
                0x0000000008001468                HAL_GPIO_Init
 .text.HAL_GPIO_ReadPin
                0x000000000800175c       0x2e ./Drivers/STM32F1xx_HAL_Driver/Src/stm32f1xx_hal_gpio.o
                0x000000000800175c                HAL_GPIO_ReadPin
 .text.HAL_GPIO_WritePin
                0x000000000800178a       0x30 ./Drivers/STM32F1xx_HAL_Driver/Src/stm32f1xx_hal_gpio.o
                0x000000000800178a                HAL_GPIO_WritePin
 .text.HAL_GPIO_TogglePin
                0x00000000080017ba       0x32 ./Drivers/STM32F1xx_HAL_Driver/Src/stm32f1xx_hal_gpio.o
                0x00000000080017ba                HAL_GPIO_TogglePin
 .text.HAL_RCC_OscConfig
                0x00000000080017ec      0x500 ./Drivers/STM32F1xx_HAL_Driver/Src/stm32f1xx_hal_rcc.o
                0x00000000080017ec                HAL_RCC_OscConfig
 .text.HAL_RCC_ClockConfig
                0x0000000008001cec      0x1d4 ./Drivers/STM32F1xx_HAL_Driver/Src/stm32f1xx_hal_rcc.o
                0x0000000008001cec                HAL_RCC_ClockConfig
 .text.HAL_RCC_GetSysClockFreq
                0x0000000008001ec0       0xa8 ./Drivers/STM32F1xx_HAL_Driver/Src/stm32f1xx_hal_rcc.o
                0x0000000008001ec0                HAL_RCC_GetSysClockFreq
 .text.RCC_Delay
                0x0000000008001f68       0x3c ./Drivers/STM32F1xx_HAL_Driver/Src/stm32f1xx_hal_rcc.o
 .text.HAL_TIM_Base_Init
                0x0000000008001fa4       0x9e ./Drivers/STM32F1xx_HAL_Driver/Src/stm32f1xx_hal_tim.o
                0x0000000008001fa4                HAL_TIM_Base_Init
 *fill*         0x0000000008002042        0x2 
 .text.HAL_TIM_Base_Start_IT
                0x0000000008002044       0x98 ./Drivers/STM32F1xx_HAL_Driver/Src/stm32f1xx_hal_tim.o
                0x0000000008002044                HAL_TIM_Base_Start_IT
 .text.HAL_TIM_IRQHandler
                0x00000000080020dc      0x210 ./Drivers/STM32F1xx_HAL_Driver/Src/stm32f1xx_hal_tim.o
                0x00000000080020dc                HAL_TIM_IRQHandler
 .text.HAL_TIM_ConfigClockSource
                0x00000000080022ec      0x18e ./Drivers/STM32F1xx_HAL_Driver/Src/stm32f1xx_hal_tim.o
                0x00000000080022ec                HAL_TIM_ConfigClockSource
 .text.HAL_TIM_OC_DelayElapsedCallback
                0x000000000800247a       0x12 ./Drivers/STM32F1xx_HAL_Driver/Src/stm32f1xx_hal_tim.o
                0x000000000800247a                HAL_TIM_OC_DelayElapsedCallback
 .text.HAL_TIM_IC_CaptureCallback
                0x000000000800248c       0x12 ./Drivers/STM32F1xx_HAL_Driver/Src/stm32f1xx_hal_tim.o
                0x000000000800248c                HAL_TIM_IC_CaptureCallback
 .text.HAL_TIM_PWM_PulseFinishedCallback
                0x000000000800249e       0x12 ./Drivers/STM32F1xx_HAL_Driver/Src/stm32f1xx_hal_tim.o
                0x000000000800249e                HAL_TIM_PWM_PulseFinishedCallback
 .text.HAL_TIM_TriggerCallback
                0x00000000080024b0       0x12 ./Drivers/STM32F1xx_HAL_Driver/Src/stm32f1xx_hal_tim.o
                0x00000000080024b0                HAL_TIM_TriggerCallback
 *fill*         0x00000000080024c2        0x2 
 .text.TIM_Base_SetConfig
                0x00000000080024c4       0xb0 ./Drivers/STM32F1xx_HAL_Driver/Src/stm32f1xx_hal_tim.o
                0x00000000080024c4                TIM_Base_SetConfig
 .text.TIM_TI1_ConfigInputStage
                0x0000000008002574       0x5c ./Drivers/STM32F1xx_HAL_Driver/Src/stm32f1xx_hal_tim.o
 .text.TIM_TI2_ConfigInputStage
                0x00000000080025d0       0x5e ./Drivers/STM32F1xx_HAL_Driver/Src/stm32f1xx_hal_tim.o
 .text.TIM_ITRx_SetConfig
                0x000000000800262e       0x34 ./Drivers/STM32F1xx_HAL_Driver/Src/stm32f1xx_hal_tim.o
 .text.TIM_ETR_SetConfig
                0x0000000008002662       0x3e ./Drivers/STM32F1xx_HAL_Driver/Src/stm32f1xx_hal_tim.o
                0x0000000008002662                TIM_ETR_SetConfig
 .text.HAL_TIMEx_MasterConfigSynchronization
                0x00000000080026a0       0xb0 ./Drivers/STM32F1xx_HAL_Driver/Src/stm32f1xx_hal_tim_ex.o
                0x00000000080026a0                HAL_TIMEx_MasterConfigSynchronization
 .text.HAL_TIMEx_CommutCallback
                0x0000000008002750       0x12 ./Drivers/STM32F1xx_HAL_Driver/Src/stm32f1xx_hal_tim_ex.o
                0x0000000008002750                HAL_TIMEx_CommutCallback
 .text.HAL_TIMEx_BreakCallback
                0x0000000008002762       0x12 ./Drivers/STM32F1xx_HAL_Driver/Src/stm32f1xx_hal_tim_ex.o
                0x0000000008002762                HAL_TIMEx_BreakCallback
 .text.__libc_init_array
                0x0000000008002774       0x48 c:/users/admin/downloads/vxl/stm32cube_ide/stm32cubeide_1.7.0/stm32cubeide/plugins/com.st.stm32cube.ide.mcu.externaltools.gnu-tools-for-stm32.9-2020-q2-update.win32_2.0.0.202105311346/tools/bin/../lib/gcc/arm-none-eabi/9.3.1/../../../../arm-none-eabi/lib/thumb/v7-m/nofp\libc_nano.a(lib_a-init.o)
                0x0000000008002774                __libc_init_array
 .text.memset   0x00000000080027bc       0x10 c:/users/admin/downloads/vxl/stm32cube_ide/stm32cubeide_1.7.0/stm32cubeide/plugins/com.st.stm32cube.ide.mcu.externaltools.gnu-tools-for-stm32.9-2020-q2-update.win32_2.0.0.202105311346/tools/bin/../lib/gcc/arm-none-eabi/9.3.1/../../../../arm-none-eabi/lib/thumb/v7-m/nofp\libc_nano.a(lib_a-memset.o)
                0x00000000080027bc                memset
 *(.glue_7)
 .glue_7        0x00000000080027cc        0x0 linker stubs
 *(.glue_7t)
 .glue_7t       0x00000000080027cc        0x0 linker stubs
 *(.eh_frame)
 .eh_frame      0x00000000080027cc        0x0 c:/users/admin/downloads/vxl/stm32cube_ide/stm32cubeide_1.7.0/stm32cubeide/plugins/com.st.stm32cube.ide.mcu.externaltools.gnu-tools-for-stm32.9-2020-q2-update.win32_2.0.0.202105311346/tools/bin/../lib/gcc/arm-none-eabi/9.3.1/thumb/v7-m/nofp/crtbegin.o
 *(.init)
 .init          0x00000000080027cc        0x4 c:/users/admin/downloads/vxl/stm32cube_ide/stm32cubeide_1.7.0/stm32cubeide/plugins/com.st.stm32cube.ide.mcu.externaltools.gnu-tools-for-stm32.9-2020-q2-update.win32_2.0.0.202105311346/tools/bin/../lib/gcc/arm-none-eabi/9.3.1/thumb/v7-m/nofp/crti.o
                0x00000000080027cc                _init
 .init          0x00000000080027d0        0x8 c:/users/admin/downloads/vxl/stm32cube_ide/stm32cubeide_1.7.0/stm32cubeide/plugins/com.st.stm32cube.ide.mcu.externaltools.gnu-tools-for-stm32.9-2020-q2-update.win32_2.0.0.202105311346/tools/bin/../lib/gcc/arm-none-eabi/9.3.1/thumb/v7-m/nofp/crtn.o
 *(.fini)
 .fini          0x00000000080027d8        0x4 c:/users/admin/downloads/vxl/stm32cube_ide/stm32cubeide_1.7.0/stm32cubeide/plugins/com.st.stm32cube.ide.mcu.externaltools.gnu-tools-for-stm32.9-2020-q2-update.win32_2.0.0.202105311346/tools/bin/../lib/gcc/arm-none-eabi/9.3.1/thumb/v7-m/nofp/crti.o
                0x00000000080027d8                _fini
 .fini          0x00000000080027dc        0x8 c:/users/admin/downloads/vxl/stm32cube_ide/stm32cubeide_1.7.0/stm32cubeide/plugins/com.st.stm32cube.ide.mcu.externaltools.gnu-tools-for-stm32.9-2020-q2-update.win32_2.0.0.202105311346/tools/bin/../lib/gcc/arm-none-eabi/9.3.1/thumb/v7-m/nofp/crtn.o
                0x00000000080027e4                . = ALIGN (0x4)
                0x00000000080027e4                _etext = .

.vfp11_veneer   0x00000000080027e4        0x0
 .vfp11_veneer  0x00000000080027e4        0x0 linker stubs

.v4_bx          0x00000000080027e4        0x0
 .v4_bx         0x00000000080027e4        0x0 linker stubs

.iplt           0x00000000080027e4        0x0
 .iplt          0x00000000080027e4        0x0 c:/users/admin/downloads/vxl/stm32cube_ide/stm32cubeide_1.7.0/stm32cubeide/plugins/com.st.stm32cube.ide.mcu.externaltools.gnu-tools-for-stm32.9-2020-q2-update.win32_2.0.0.202105311346/tools/bin/../lib/gcc/arm-none-eabi/9.3.1/thumb/v7-m/nofp/crtbegin.o

.rodata         0x00000000080027e4       0x24
                0x00000000080027e4                . = ALIGN (0x4)
 *(.rodata)
 *(.rodata*)
 .rodata.AHBPrescTable
                0x00000000080027e4       0x10 ./Core/Src/system_stm32f1xx.o
                0x00000000080027e4                AHBPrescTable
 .rodata.aPLLMULFactorTable.6032
                0x00000000080027f4       0x10 ./Drivers/STM32F1xx_HAL_Driver/Src/stm32f1xx_hal_rcc.o
 .rodata.aPredivFactorTable.6033
                0x0000000008002804        0x2 ./Drivers/STM32F1xx_HAL_Driver/Src/stm32f1xx_hal_rcc.o
                0x0000000008002808                . = ALIGN (0x4)
 *fill*         0x0000000008002806        0x2 

.rel.dyn        0x0000000008002808        0x0
 .rel.iplt      0x0000000008002808        0x0 c:/users/admin/downloads/vxl/stm32cube_ide/stm32cubeide_1.7.0/stm32cubeide/plugins/com.st.stm32cube.ide.mcu.externaltools.gnu-tools-for-stm32.9-2020-q2-update.win32_2.0.0.202105311346/tools/bin/../lib/gcc/arm-none-eabi/9.3.1/thumb/v7-m/nofp/crtbegin.o

.ARM.extab      0x0000000008002808        0x0
                0x0000000008002808                . = ALIGN (0x4)
 *(.ARM.extab* .gnu.linkonce.armextab.*)
                0x0000000008002808                . = ALIGN (0x4)

.ARM            0x0000000008002808        0x0
                0x0000000008002808                . = ALIGN (0x4)
                0x0000000008002808                __exidx_start = .
 *(.ARM.exidx*)
                0x0000000008002808                __exidx_end = .
                0x0000000008002808                . = ALIGN (0x4)

.preinit_array  0x0000000008002808        0x0
                0x0000000008002808                . = ALIGN (0x4)
                0x0000000008002808                PROVIDE (__preinit_array_start = .)
 *(.preinit_array*)
                0x0000000008002808                PROVIDE (__preinit_array_end = .)
                0x0000000008002808                . = ALIGN (0x4)

.init_array     0x0000000008002808        0x4
                0x0000000008002808                . = ALIGN (0x4)
                0x0000000008002808                PROVIDE (__init_array_start = .)
 *(SORT_BY_NAME(.init_array.*))
 *(.init_array*)
 .init_array    0x0000000008002808        0x4 c:/users/admin/downloads/vxl/stm32cube_ide/stm32cubeide_1.7.0/stm32cubeide/plugins/com.st.stm32cube.ide.mcu.externaltools.gnu-tools-for-stm32.9-2020-q2-update.win32_2.0.0.202105311346/tools/bin/../lib/gcc/arm-none-eabi/9.3.1/thumb/v7-m/nofp/crtbegin.o
                0x000000000800280c                PROVIDE (__init_array_end = .)
                0x000000000800280c                . = ALIGN (0x4)

.fini_array     0x000000000800280c        0x4
                0x000000000800280c                . = ALIGN (0x4)
                [!provide]                        PROVIDE (__fini_array_start = .)
 *(SORT_BY_NAME(.fini_array.*))
 *(.fini_array*)
 .fini_array    0x000000000800280c        0x4 c:/users/admin/downloads/vxl/stm32cube_ide/stm32cubeide_1.7.0/stm32cubeide/plugins/com.st.stm32cube.ide.mcu.externaltools.gnu-tools-for-stm32.9-2020-q2-update.win32_2.0.0.202105311346/tools/bin/../lib/gcc/arm-none-eabi/9.3.1/thumb/v7-m/nofp/crtbegin.o
                [!provide]                        PROVIDE (__fini_array_end = .)
                0x0000000008002810                . = ALIGN (0x4)
                0x0000000008002810                _sidata = LOADADDR (.data)

.data           0x0000000020000000       0x58 load address 0x0000000008002810
                0x0000000020000000                . = ALIGN (0x4)
                0x0000000020000000                _sdata = .
 *(.data)
 *(.data*)
 .data.keyReg0  0x0000000020000000        0xc ./Core/Src/button.o
                0x0000000020000000                keyReg0
 .data.keyReg1  0x000000002000000c        0xc ./Core/Src/button.o
                0x000000002000000c                keyReg1
 .data.keyReg2  0x0000000020000018        0xc ./Core/Src/button.o
                0x0000000020000018                keyReg2
 .data.preState
                0x0000000020000024        0xc ./Core/Src/button.o
                0x0000000020000024                preState
 .data.TimerForKeyPress
                0x0000000020000030        0x4 ./Core/Src/button.o
                0x0000000020000030                TimerForKeyPress
 .data.modify_val
                0x0000000020000034        0x2 ./Core/Src/global.o
                0x0000000020000034                modify_val
 *fill*         0x0000000020000036        0x2 
 .data.led_duration
                0x0000000020000038        0x3 ./Core/Src/global.o
                0x0000000020000038                led_duration
 .data.led_count1
                0x000000002000003b        0x1 ./Core/Src/global.o
                0x000000002000003b                led_count1
 .data.led_count2
                0x000000002000003c        0x1 ./Core/Src/global.o
                0x000000002000003c                led_count2
 *fill*         0x000000002000003d        0x3 
 .data.segments
                0x0000000020000040        0xb ./Core/Src/global.o
                0x0000000020000040                segments
 *fill*         0x000000002000004b        0x1 
 .data.SystemCoreClock
                0x000000002000004c        0x4 ./Core/Src/system_stm32f1xx.o
                0x000000002000004c                SystemCoreClock
 .data.uwTickPrio
                0x0000000020000050        0x4 ./Drivers/STM32F1xx_HAL_Driver/Src/stm32f1xx_hal.o
                0x0000000020000050                uwTickPrio
 .data.uwTickFreq
                0x0000000020000054        0x1 ./Drivers/STM32F1xx_HAL_Driver/Src/stm32f1xx_hal.o
                0x0000000020000054                uwTickFreq
 *(.RamFunc)
 *(.RamFunc*)
                0x0000000020000058                . = ALIGN (0x4)
 *fill*         0x0000000020000055        0x3 
                0x0000000020000058                _edata = .

.igot.plt       0x0000000020000058        0x0 load address 0x0000000008002868
 .igot.plt      0x0000000020000058        0x0 c:/users/admin/downloads/vxl/stm32cube_ide/stm32cubeide_1.7.0/stm32cubeide/plugins/com.st.stm32cube.ide.mcu.externaltools.gnu-tools-for-stm32.9-2020-q2-update.win32_2.0.0.202105311346/tools/bin/../lib/gcc/arm-none-eabi/9.3.1/thumb/v7-m/nofp/crtbegin.o
                0x0000000020000058                . = ALIGN (0x4)

.bss            0x0000000020000058       0x90 load address 0x0000000008002868
                0x0000000020000058                _sbss = .
                0x0000000020000058                __bss_start__ = _sbss
 *(.bss)
 .bss           0x0000000020000058       0x1c c:/users/admin/downloads/vxl/stm32cube_ide/stm32cubeide_1.7.0/stm32cubeide/plugins/com.st.stm32cube.ide.mcu.externaltools.gnu-tools-for-stm32.9-2020-q2-update.win32_2.0.0.202105311346/tools/bin/../lib/gcc/arm-none-eabi/9.3.1/thumb/v7-m/nofp/crtbegin.o
 *(.bss*)
 .bss.key_flag  0x0000000020000074        0xc ./Core/Src/button.o
                0x0000000020000074                key_flag
 .bss.status    0x0000000020000080        0x2 ./Core/Src/global.o
                0x0000000020000080                status
 .bss.mode      0x0000000020000082        0x1 ./Core/Src/global.o
                0x0000000020000082                mode
 .bss.segth     0x0000000020000083        0x1 ./Core/Src/global.o
                0x0000000020000083                segth
 .bss.timer_counter
                0x0000000020000084        0xc ./Core/Src/timer.o
                0x0000000020000084                timer_counter
 .bss.timer_flag
                0x0000000020000090        0xc ./Core/Src/timer.o
                0x0000000020000090                timer_flag
 *(COMMON)
 COMMON         0x000000002000009c       0x48 ./Core/Src/main.o
                0x000000002000009c                htim2
 COMMON         0x00000000200000e4        0x4 ./Drivers/STM32F1xx_HAL_Driver/Src/stm32f1xx_hal.o
                0x00000000200000e4                uwTick
                0x00000000200000e8                . = ALIGN (0x4)
                0x00000000200000e8                _ebss = .
                0x00000000200000e8                __bss_end__ = _ebss

._user_heap_stack
                0x00000000200000e8      0x600 load address 0x0000000008002868
                0x00000000200000e8                . = ALIGN (0x8)
                [!provide]                        PROVIDE (end = .)
                0x00000000200000e8                PROVIDE (_end = .)
                0x00000000200002e8                . = (. + _Min_Heap_Size)
 *fill*         0x00000000200000e8      0x200 
                0x00000000200006e8                . = (. + _Min_Stack_Size)
 *fill*         0x00000000200002e8      0x400 
                0x00000000200006e8                . = ALIGN (0x8)

/DISCARD/
 libc.a(*)
 libm.a(*)
 libgcc.a(*)

.ARM.attributes
                0x0000000000000000       0x29
 *(.ARM.attributes)
 .ARM.attributes
                0x0000000000000000       0x1d c:/users/admin/downloads/vxl/stm32cube_ide/stm32cubeide_1.7.0/stm32cubeide/plugins/com.st.stm32cube.ide.mcu.externaltools.gnu-tools-for-stm32.9-2020-q2-update.win32_2.0.0.202105311346/tools/bin/../lib/gcc/arm-none-eabi/9.3.1/thumb/v7-m/nofp/crti.o
 .ARM.attributes
                0x000000000000001d       0x2d c:/users/admin/downloads/vxl/stm32cube_ide/stm32cubeide_1.7.0/stm32cubeide/plugins/com.st.stm32cube.ide.mcu.externaltools.gnu-tools-for-stm32.9-2020-q2-update.win32_2.0.0.202105311346/tools/bin/../lib/gcc/arm-none-eabi/9.3.1/thumb/v7-m/nofp/crtbegin.o
 .ARM.attributes
                0x000000000000004a       0x2d ./Core/Src/button.o
 .ARM.attributes
                0x0000000000000077       0x2d ./Core/Src/global.o
 .ARM.attributes
                0x00000000000000a4       0x2d ./Core/Src/input_processing.o
 .ARM.attributes
                0x00000000000000d1       0x2d ./Core/Src/main.o
 .ARM.attributes
                0x00000000000000fe       0x2d ./Core/Src/stm32f1xx_hal_msp.o
 .ARM.attributes
                0x000000000000012b       0x2d ./Core/Src/stm32f1xx_it.o
 .ARM.attributes
                0x0000000000000158       0x2d ./Core/Src/system_stm32f1xx.o
 .ARM.attributes
                0x0000000000000185       0x2d ./Core/Src/timer.o
 .ARM.attributes
                0x00000000000001b2       0x21 ./Core/Startup/startup_stm32f103c6ux.o
 .ARM.attributes
                0x00000000000001d3       0x2d ./Drivers/STM32F1xx_HAL_Driver/Src/stm32f1xx_hal.o
 .ARM.attributes
                0x0000000000000200       0x2d ./Drivers/STM32F1xx_HAL_Driver/Src/stm32f1xx_hal_cortex.o
 .ARM.attributes
                0x000000000000022d       0x2d ./Drivers/STM32F1xx_HAL_Driver/Src/stm32f1xx_hal_gpio.o
 .ARM.attributes
                0x000000000000025a       0x2d ./Drivers/STM32F1xx_HAL_Driver/Src/stm32f1xx_hal_rcc.o
 .ARM.attributes
                0x0000000000000287       0x2d ./Drivers/STM32F1xx_HAL_Driver/Src/stm32f1xx_hal_tim.o
 .ARM.attributes
                0x00000000000002b4       0x2d ./Drivers/STM32F1xx_HAL_Driver/Src/stm32f1xx_hal_tim_ex.o
 .ARM.attributes
                0x00000000000002e1       0x2d c:/users/admin/downloads/vxl/stm32cube_ide/stm32cubeide_1.7.0/stm32cubeide/plugins/com.st.stm32cube.ide.mcu.externaltools.gnu-tools-for-stm32.9-2020-q2-update.win32_2.0.0.202105311346/tools/bin/../lib/gcc/arm-none-eabi/9.3.1/../../../../arm-none-eabi/lib/thumb/v7-m/nofp\libc_nano.a(lib_a-init.o)
 .ARM.attributes
                0x000000000000030e       0x2d c:/users/admin/downloads/vxl/stm32cube_ide/stm32cubeide_1.7.0/stm32cubeide/plugins/com.st.stm32cube.ide.mcu.externaltools.gnu-tools-for-stm32.9-2020-q2-update.win32_2.0.0.202105311346/tools/bin/../lib/gcc/arm-none-eabi/9.3.1/../../../../arm-none-eabi/lib/thumb/v7-m/nofp\libc_nano.a(lib_a-memset.o)
 .ARM.attributes
                0x000000000000033b       0x1d c:/users/admin/downloads/vxl/stm32cube_ide/stm32cubeide_1.7.0/stm32cubeide/plugins/com.st.stm32cube.ide.mcu.externaltools.gnu-tools-for-stm32.9-2020-q2-update.win32_2.0.0.202105311346/tools/bin/../lib/gcc/arm-none-eabi/9.3.1/thumb/v7-m/nofp/crtn.o
OUTPUT(LED_ANIMATION.elf elf32-littlearm)
LOAD linker stubs
LOAD c:/users/admin/downloads/vxl/stm32cube_ide/stm32cubeide_1.7.0/stm32cubeide/plugins/com.st.stm32cube.ide.mcu.externaltools.gnu-tools-for-stm32.9-2020-q2-update.win32_2.0.0.202105311346/tools/bin/../lib/gcc/arm-none-eabi/9.3.1/../../../../arm-none-eabi/lib/thumb/v7-m/nofp\libc.a
LOAD c:/users/admin/downloads/vxl/stm32cube_ide/stm32cubeide_1.7.0/stm32cubeide/plugins/com.st.stm32cube.ide.mcu.externaltools.gnu-tools-for-stm32.9-2020-q2-update.win32_2.0.0.202105311346/tools/bin/../lib/gcc/arm-none-eabi/9.3.1/../../../../arm-none-eabi/lib/thumb/v7-m/nofp\libm.a
LOAD c:/users/admin/downloads/vxl/stm32cube_ide/stm32cubeide_1.7.0/stm32cubeide/plugins/com.st.stm32cube.ide.mcu.externaltools.gnu-tools-for-stm32.9-2020-q2-update.win32_2.0.0.202105311346/tools/bin/../lib/gcc/arm-none-eabi/9.3.1/thumb/v7-m/nofp\libgcc.a

.debug_info     0x0000000000000000     0x903c
 .debug_info    0x0000000000000000      0x32f ./Core/Src/button.o
 .debug_info    0x000000000000032f      0x3f9 ./Core/Src/global.o
 .debug_info    0x0000000000000728      0x2ea ./Core/Src/input_processing.o
 .debug_info    0x0000000000000a12      0xc8a ./Core/Src/main.o
 .debug_info    0x000000000000169c      0xa09 ./Core/Src/stm32f1xx_hal_msp.o
 .debug_info    0x00000000000020a5      0x7b9 ./Core/Src/stm32f1xx_it.o
 .debug_info    0x000000000000285e      0x2be ./Core/Src/system_stm32f1xx.o
 .debug_info    0x0000000000002b1c       0xcf ./Core/Src/timer.o
 .debug_info    0x0000000000002beb       0x22 ./Core/Startup/startup_stm32f103c6ux.o
 .debug_info    0x0000000000002c0d      0x74c ./Drivers/STM32F1xx_HAL_Driver/Src/stm32f1xx_hal.o
 .debug_info    0x0000000000003359      0xbbe ./Drivers/STM32F1xx_HAL_Driver/Src/stm32f1xx_hal_cortex.o
 .debug_info    0x0000000000003f17      0x701 ./Drivers/STM32F1xx_HAL_Driver/Src/stm32f1xx_hal_gpio.o
 .debug_info    0x0000000000004618      0x893 ./Drivers/STM32F1xx_HAL_Driver/Src/stm32f1xx_hal_rcc.o
 .debug_info    0x0000000000004eab     0x2c12 ./Drivers/STM32F1xx_HAL_Driver/Src/stm32f1xx_hal_tim.o
 .debug_info    0x0000000000007abd     0x157f ./Drivers/STM32F1xx_HAL_Driver/Src/stm32f1xx_hal_tim_ex.o

.debug_abbrev   0x0000000000000000     0x1964
 .debug_abbrev  0x0000000000000000      0x176 ./Core/Src/button.o
 .debug_abbrev  0x0000000000000176      0x156 ./Core/Src/global.o
 .debug_abbrev  0x00000000000002cc       0xf6 ./Core/Src/input_processing.o
 .debug_abbrev  0x00000000000003c2      0x23f ./Core/Src/main.o
 .debug_abbrev  0x0000000000000601      0x1b7 ./Core/Src/stm32f1xx_hal_msp.o
 .debug_abbrev  0x00000000000007b8      0x176 ./Core/Src/stm32f1xx_it.o
 .debug_abbrev  0x000000000000092e      0x14e ./Core/Src/system_stm32f1xx.o
 .debug_abbrev  0x0000000000000a7c       0xb7 ./Core/Src/timer.o
 .debug_abbrev  0x0000000000000b33       0x12 ./Core/Startup/startup_stm32f103c6ux.o
 .debug_abbrev  0x0000000000000b45      0x1ed ./Drivers/STM32F1xx_HAL_Driver/Src/stm32f1xx_hal.o
 .debug_abbrev  0x0000000000000d32      0x313 ./Drivers/STM32F1xx_HAL_Driver/Src/stm32f1xx_hal_cortex.o
 .debug_abbrev  0x0000000000001045      0x1e8 ./Drivers/STM32F1xx_HAL_Driver/Src/stm32f1xx_hal_gpio.o
 .debug_abbrev  0x000000000000122d      0x273 ./Drivers/STM32F1xx_HAL_Driver/Src/stm32f1xx_hal_rcc.o
 .debug_abbrev  0x00000000000014a0      0x25e ./Drivers/STM32F1xx_HAL_Driver/Src/stm32f1xx_hal_tim.o
 .debug_abbrev  0x00000000000016fe      0x266 ./Drivers/STM32F1xx_HAL_Driver/Src/stm32f1xx_hal_tim_ex.o

.debug_aranges  0x0000000000000000      0x9e0
 .debug_aranges
                0x0000000000000000       0x30 ./Core/Src/button.o
 .debug_aranges
                0x0000000000000030       0x30 ./Core/Src/global.o
 .debug_aranges
                0x0000000000000060       0x28 ./Core/Src/input_processing.o
 .debug_aranges
                0x0000000000000088       0x48 ./Core/Src/main.o
 .debug_aranges
                0x00000000000000d0       0x30 ./Core/Src/stm32f1xx_hal_msp.o
 .debug_aranges
                0x0000000000000100       0x68 ./Core/Src/stm32f1xx_it.o
 .debug_aranges
                0x0000000000000168       0x28 ./Core/Src/system_stm32f1xx.o
 .debug_aranges
                0x0000000000000190       0x28 ./Core/Src/timer.o
 .debug_aranges
                0x00000000000001b8       0x28 ./Core/Startup/startup_stm32f103c6ux.o
 .debug_aranges
                0x00000000000001e0       0xe0 ./Drivers/STM32F1xx_HAL_Driver/Src/stm32f1xx_hal.o
 .debug_aranges
                0x00000000000002c0      0x100 ./Drivers/STM32F1xx_HAL_Driver/Src/stm32f1xx_hal_cortex.o
 .debug_aranges
                0x00000000000003c0       0x58 ./Drivers/STM32F1xx_HAL_Driver/Src/stm32f1xx_hal_gpio.o
 .debug_aranges
                0x0000000000000418       0x90 ./Drivers/STM32F1xx_HAL_Driver/Src/stm32f1xx_hal_rcc.o
 .debug_aranges
                0x00000000000004a8      0x3d0 ./Drivers/STM32F1xx_HAL_Driver/Src/stm32f1xx_hal_tim.o
 .debug_aranges
                0x0000000000000878      0x168 ./Drivers/STM32F1xx_HAL_Driver/Src/stm32f1xx_hal_tim_ex.o

.debug_ranges   0x0000000000000000      0x8f8
 .debug_ranges  0x0000000000000000       0x20 ./Core/Src/button.o
 .debug_ranges  0x0000000000000020       0x20 ./Core/Src/global.o
 .debug_ranges  0x0000000000000040       0x18 ./Core/Src/input_processing.o
 .debug_ranges  0x0000000000000058       0x38 ./Core/Src/main.o
 .debug_ranges  0x0000000000000090       0x20 ./Core/Src/stm32f1xx_hal_msp.o
 .debug_ranges  0x00000000000000b0       0x58 ./Core/Src/stm32f1xx_it.o
 .debug_ranges  0x0000000000000108       0x18 ./Core/Src/system_stm32f1xx.o
 .debug_ranges  0x0000000000000120       0x18 ./Core/Src/timer.o
 .debug_ranges  0x0000000000000138       0x20 ./Core/Startup/startup_stm32f103c6ux.o
 .debug_ranges  0x0000000000000158       0xd0 ./Drivers/STM32F1xx_HAL_Driver/Src/stm32f1xx_hal.o
 .debug_ranges  0x0000000000000228       0xf0 ./Drivers/STM32F1xx_HAL_Driver/Src/stm32f1xx_hal_cortex.o
 .debug_ranges  0x0000000000000318       0x48 ./Drivers/STM32F1xx_HAL_Driver/Src/stm32f1xx_hal_gpio.o
 .debug_ranges  0x0000000000000360       0x80 ./Drivers/STM32F1xx_HAL_Driver/Src/stm32f1xx_hal_rcc.o
 .debug_ranges  0x00000000000003e0      0x3c0 ./Drivers/STM32F1xx_HAL_Driver/Src/stm32f1xx_hal_tim.o
 .debug_ranges  0x00000000000007a0      0x158 ./Drivers/STM32F1xx_HAL_Driver/Src/stm32f1xx_hal_tim_ex.o

.debug_macro    0x0000000000000000    0x16919
 .debug_macro   0x0000000000000000      0x1b5 ./Core/Src/button.o
 .debug_macro   0x00000000000001b5      0xa9c ./Core/Src/button.o
 .debug_macro   0x0000000000000c51      0x215 ./Core/Src/button.o
 .debug_macro   0x0000000000000e66       0x2e ./Core/Src/button.o
 .debug_macro   0x0000000000000e94       0x22 ./Core/Src/button.o
 .debug_macro   0x0000000000000eb6       0x22 ./Core/Src/button.o
 .debug_macro   0x0000000000000ed8       0x8e ./Core/Src/button.o
 .debug_macro   0x0000000000000f66       0x51 ./Core/Src/button.o
 .debug_macro   0x0000000000000fb7      0x103 ./Core/Src/button.o
 .debug_macro   0x00000000000010ba       0x6a ./Core/Src/button.o
 .debug_macro   0x0000000000001124      0x1df ./Core/Src/button.o
 .debug_macro   0x0000000000001303       0x1c ./Core/Src/button.o
 .debug_macro   0x000000000000131f       0x22 ./Core/Src/button.o
 .debug_macro   0x0000000000001341       0xc3 ./Core/Src/button.o
 .debug_macro   0x0000000000001404      0xd23 ./Core/Src/button.o
 .debug_macro   0x0000000000002127     0xde75 ./Core/Src/button.o
 .debug_macro   0x000000000000ff9c       0x6d ./Core/Src/button.o
 .debug_macro   0x0000000000010009     0x348d ./Core/Src/button.o
 .debug_macro   0x0000000000013496      0x174 ./Core/Src/button.o
 .debug_macro   0x000000000001360a       0x5c ./Core/Src/button.o
 .debug_macro   0x0000000000013666      0x5bc ./Core/Src/button.o
 .debug_macro   0x0000000000013c22      0x1b7 ./Core/Src/button.o
 .debug_macro   0x0000000000013dd9      0x1cb ./Core/Src/button.o
 .debug_macro   0x0000000000013fa4      0x114 ./Core/Src/button.o
 .debug_macro   0x00000000000140b8      0x1b2 ./Core/Src/button.o
 .debug_macro   0x000000000001426a       0x27 ./Core/Src/button.o
 .debug_macro   0x0000000000014291      0x12f ./Core/Src/button.o
 .debug_macro   0x00000000000143c0      0x1bc ./Core/Src/button.o
 .debug_macro   0x000000000001457c       0x34 ./Core/Src/button.o
 .debug_macro   0x00000000000145b0       0x3c ./Core/Src/button.o
 .debug_macro   0x00000000000145ec       0x57 ./Core/Src/button.o
 .debug_macro   0x0000000000014643       0x87 ./Core/Src/button.o
 .debug_macro   0x00000000000146ca      0x183 ./Core/Src/button.o
 .debug_macro   0x000000000001484d      0x140 ./Core/Src/button.o
 .debug_macro   0x000000000001498d      0x8ed ./Core/Src/button.o
 .debug_macro   0x000000000001527a       0x69 ./Core/Src/button.o
 .debug_macro   0x00000000000152e3       0xf4 ./Core/Src/button.o
 .debug_macro   0x00000000000153d7       0x10 ./Core/Src/button.o
 .debug_macro   0x00000000000153e7      0x1ce ./Core/Src/global.o
 .debug_macro   0x00000000000155b5       0x7c ./Core/Src/global.o
 .debug_macro   0x0000000000015631      0x1d8 ./Core/Src/input_processing.o
 .debug_macro   0x0000000000015809      0x1dc ./Core/Src/main.o
 .debug_macro   0x00000000000159e5      0x1a6 ./Core/Src/stm32f1xx_hal_msp.o
 .debug_macro   0x0000000000015b8b      0x1b0 ./Core/Src/stm32f1xx_it.o
 .debug_macro   0x0000000000015d3b      0x197 ./Core/Src/system_stm32f1xx.o
 .debug_macro   0x0000000000015ed2       0x1b ./Core/Src/timer.o
 .debug_macro   0x0000000000015eed      0x1bb ./Drivers/STM32F1xx_HAL_Driver/Src/stm32f1xx_hal.o
 .debug_macro   0x00000000000160a8      0x197 ./Drivers/STM32F1xx_HAL_Driver/Src/stm32f1xx_hal_cortex.o
 .debug_macro   0x000000000001623f      0x202 ./Drivers/STM32F1xx_HAL_Driver/Src/stm32f1xx_hal_gpio.o
 .debug_macro   0x0000000000016441      0x1a9 ./Drivers/STM32F1xx_HAL_Driver/Src/stm32f1xx_hal_rcc.o
 .debug_macro   0x00000000000165ea      0x198 ./Drivers/STM32F1xx_HAL_Driver/Src/stm32f1xx_hal_tim.o
 .debug_macro   0x0000000000016782      0x197 ./Drivers/STM32F1xx_HAL_Driver/Src/stm32f1xx_hal_tim_ex.o

.debug_line     0x0000000000000000     0xb9c4
 .debug_line    0x0000000000000000      0x822 ./Core/Src/button.o
 .debug_line    0x0000000000000822      0x82c ./Core/Src/global.o
 .debug_line    0x000000000000104e      0xa57 ./Core/Src/input_processing.o
 .debug_line    0x0000000000001aa5      0x8ec ./Core/Src/main.o
 .debug_line    0x0000000000002391      0x7c2 ./Core/Src/stm32f1xx_hal_msp.o
 .debug_line    0x0000000000002b53      0x860 ./Core/Src/stm32f1xx_it.o
 .debug_line    0x00000000000033b3      0x804 ./Core/Src/system_stm32f1xx.o
 .debug_line    0x0000000000003bb7       0x8e ./Core/Src/timer.o
 .debug_line    0x0000000000003c45       0x86 ./Core/Startup/startup_stm32f103c6ux.o
 .debug_line    0x0000000000003ccb      0xa31 ./Drivers/STM32F1xx_HAL_Driver/Src/stm32f1xx_hal.o
 .debug_line    0x00000000000046fc      0xc19 ./Drivers/STM32F1xx_HAL_Driver/Src/stm32f1xx_hal_cortex.o
 .debug_line    0x0000000000005315      0xab4 ./Drivers/STM32F1xx_HAL_Driver/Src/stm32f1xx_hal_gpio.o
 .debug_line    0x0000000000005dc9      0xe3d ./Drivers/STM32F1xx_HAL_Driver/Src/stm32f1xx_hal_rcc.o
 .debug_line    0x0000000000006c06     0x3467 ./Drivers/STM32F1xx_HAL_Driver/Src/stm32f1xx_hal_tim.o
 .debug_line    0x000000000000a06d     0x1957 ./Drivers/STM32F1xx_HAL_Driver/Src/stm32f1xx_hal_tim_ex.o

.debug_str      0x0000000000000000    0x82312
 .debug_str     0x0000000000000000    0x7f77b ./Core/Src/button.o
                                      0x7face (size before relaxing)
 .debug_str     0x000000000007f77b      0x1bd ./Core/Src/global.o
                                      0x7fc25 (size before relaxing)
 .debug_str     0x000000000007f938       0x56 ./Core/Src/input_processing.o
                                      0x7fc07 (size before relaxing)
 .debug_str     0x000000000007f98e      0x6e6 ./Core/Src/main.o
                                      0x8037c (size before relaxing)
 .debug_str     0x0000000000080074      0x2ba ./Core/Src/stm32f1xx_hal_msp.o
                                      0x801ec (size before relaxing)
 .debug_str     0x000000000008032e       0xcd ./Core/Src/stm32f1xx_it.o
                                      0x7ff4e (size before relaxing)
 .debug_str     0x00000000000803fb       0x52 ./Core/Src/system_stm32f1xx.o
                                      0x7f6dc (size before relaxing)
 .debug_str     0x000000000008044d       0x26 ./Core/Src/timer.o
                                       0x2dbb (size before relaxing)
 .debug_str     0x0000000000080473       0x6c ./Core/Startup/startup_stm32f103c6ux.o
 .debug_str     0x00000000000804df      0x304 ./Drivers/STM32F1xx_HAL_Driver/Src/stm32f1xx_hal.o
                                      0x7fd33 (size before relaxing)
 .debug_str     0x00000000000807e3      0x300 ./Drivers/STM32F1xx_HAL_Driver/Src/stm32f1xx_hal_cortex.o
                                      0x7fd3b (size before relaxing)
 .debug_str     0x0000000000080ae3      0x324 ./Drivers/STM32F1xx_HAL_Driver/Src/stm32f1xx_hal_gpio.o
                                      0x7faa0 (size before relaxing)
 .debug_str     0x0000000000080e07      0x24f ./Drivers/STM32F1xx_HAL_Driver/Src/stm32f1xx_hal_rcc.o
                                      0x7fad9 (size before relaxing)
 .debug_str     0x0000000000081056      0xdce ./Drivers/STM32F1xx_HAL_Driver/Src/stm32f1xx_hal_tim.o
                                      0x80ab2 (size before relaxing)
 .debug_str     0x0000000000081e24      0x4ee ./Drivers/STM32F1xx_HAL_Driver/Src/stm32f1xx_hal_tim_ex.o
                                      0x80263 (size before relaxing)

.comment        0x0000000000000000       0x53
 .comment       0x0000000000000000       0x53 ./Core/Src/button.o
                                         0x54 (size before relaxing)
 .comment       0x0000000000000053       0x54 ./Core/Src/global.o
 .comment       0x0000000000000053       0x54 ./Core/Src/input_processing.o
 .comment       0x0000000000000053       0x54 ./Core/Src/main.o
 .comment       0x0000000000000053       0x54 ./Core/Src/stm32f1xx_hal_msp.o
 .comment       0x0000000000000053       0x54 ./Core/Src/stm32f1xx_it.o
 .comment       0x0000000000000053       0x54 ./Core/Src/system_stm32f1xx.o
 .comment       0x0000000000000053       0x54 ./Core/Src/timer.o
 .comment       0x0000000000000053       0x54 ./Drivers/STM32F1xx_HAL_Driver/Src/stm32f1xx_hal.o
 .comment       0x0000000000000053       0x54 ./Drivers/STM32F1xx_HAL_Driver/Src/stm32f1xx_hal_cortex.o
 .comment       0x0000000000000053       0x54 ./Drivers/STM32F1xx_HAL_Driver/Src/stm32f1xx_hal_gpio.o
 .comment       0x0000000000000053       0x54 ./Drivers/STM32F1xx_HAL_Driver/Src/stm32f1xx_hal_rcc.o
 .comment       0x0000000000000053       0x54 ./Drivers/STM32F1xx_HAL_Driver/Src/stm32f1xx_hal_tim.o
 .comment       0x0000000000000053       0x54 ./Drivers/STM32F1xx_HAL_Driver/Src/stm32f1xx_hal_tim_ex.o

.debug_frame    0x0000000000000000     0x2774
 .debug_frame   0x0000000000000000       0x84 ./Core/Src/button.o
 .debug_frame   0x0000000000000084       0x80 ./Core/Src/global.o
 .debug_frame   0x0000000000000104       0x48 ./Core/Src/input_processing.o
 .debug_frame   0x000000000000014c       0xd4 ./Core/Src/main.o
 .debug_frame   0x0000000000000220       0x80 ./Core/Src/stm32f1xx_hal_msp.o
 .debug_frame   0x00000000000002a0      0x120 ./Core/Src/stm32f1xx_it.o
 .debug_frame   0x00000000000003c0       0x58 ./Core/Src/system_stm32f1xx.o
 .debug_frame   0x0000000000000418       0x60 ./Core/Src/timer.o
 .debug_frame   0x0000000000000478      0x334 ./Drivers/STM32F1xx_HAL_Driver/Src/stm32f1xx_hal.o
 .debug_frame   0x00000000000007ac      0x428 ./Drivers/STM32F1xx_HAL_Driver/Src/stm32f1xx_hal_cortex.o
 .debug_frame   0x0000000000000bd4      0x14c ./Drivers/STM32F1xx_HAL_Driver/Src/stm32f1xx_hal_gpio.o
 .debug_frame   0x0000000000000d20      0x218 ./Drivers/STM32F1xx_HAL_Driver/Src/stm32f1xx_hal_rcc.o
 .debug_frame   0x0000000000000f38     0x11b8 ./Drivers/STM32F1xx_HAL_Driver/Src/stm32f1xx_hal_tim.o
 .debug_frame   0x00000000000020f0      0x638 ./Drivers/STM32F1xx_HAL_Driver/Src/stm32f1xx_hal_tim_ex.o
 .debug_frame   0x0000000000002728       0x2c c:/users/admin/downloads/vxl/stm32cube_ide/stm32cubeide_1.7.0/stm32cubeide/plugins/com.st.stm32cube.ide.mcu.externaltools.gnu-tools-for-stm32.9-2020-q2-update.win32_2.0.0.202105311346/tools/bin/../lib/gcc/arm-none-eabi/9.3.1/../../../../arm-none-eabi/lib/thumb/v7-m/nofp\libc_nano.a(lib_a-init.o)
 .debug_frame   0x0000000000002754       0x20 c:/users/admin/downloads/vxl/stm32cube_ide/stm32cubeide_1.7.0/stm32cubeide/plugins/com.st.stm32cube.ide.mcu.externaltools.gnu-tools-for-stm32.9-2020-q2-update.win32_2.0.0.202105311346/tools/bin/../lib/gcc/arm-none-eabi/9.3.1/../../../../arm-none-eabi/lib/thumb/v7-m/nofp\libc_nano.a(lib_a-memset.o)
